// Jest Snapshot v1, https://goo.gl/fbAQLP

exports[`Login should render the component 1`] = `
Object {
  "asFragment": [Function],
  "baseElement": <body>
    <div>
      <div
        class="flex justify-center flex-col items-center gap-6 bg-gray-100 min-h-screen p-6"
      >
        <h1
          class="text-blue-600 text-4xl p-8 text-center font-bold"
        >
          Login
        </h1>
        <div
          class="dropdown"
        >
          <label
            class="btn m-1"
            data-testid="existing-user-label"
            tabindex="0"
          >
            Existing User
          </label>
          <ul
            class="dropdown-content menu p-2 shadow bg-white rounded-box w-52"
            tabindex="0"
          >
            <li>
              <span>
                Sarah Edo
              </span>
            </li>
            <li>
              <span>
                Tyler McGinnis
              </span>
            </li>
            <li>
              <span>
                Mike Tsamis
              </span>
            </li>
            <li>
              <span>
                Zenobia Oshikanlu
              </span>
            </li>
          </ul>
        </div>
        <form
          class="form-control w-full max-w-xs space-y-6 bg-white shadow-lg p-6 rounded-lg"
        >
          <div
            class="space-y-2"
          >
            <label
              data-testid="username-label"
              for="username"
            >
              Username
            </label>
            <input
              class="input input-bordered w-full max-w-xs border-blue-400 focus:border-blue-600"
              data-testid="username-input"
              id="username"
              name="username"
              type="text"
              value="tylermcginnis"
            />
          </div>
          <div
            class="space-y-2"
          >
            <label
              data-testid="password-label"
              for="password"
            >
              Password
            </label>
            <input
              class="input input-bordered w-full max-w-xs border-blue-400 focus:border-blue-600"
              data-testid="password-input"
              id="password"
              name="password"
              type="password"
              value="abc321"
            />
          </div>
          <button
            class="btn bg-blue-500 hover:bg-blue-600 text-white"
            data-testid="submit-login"
          >
            Login
          </button>
        </form>
      </div>
    </div>
  </body>,
  "container": <div>
    <div
      class="flex justify-center flex-col items-center gap-6 bg-gray-100 min-h-screen p-6"
    >
      <h1
        class="text-blue-600 text-4xl p-8 text-center font-bold"
      >
        Login
      </h1>
      <div
        class="dropdown"
      >
        <label
          class="btn m-1"
          data-testid="existing-user-label"
          tabindex="0"
        >
          Existing User
        </label>
        <ul
          class="dropdown-content menu p-2 shadow bg-white rounded-box w-52"
          tabindex="0"
        >
          <li>
            <span>
              Sarah Edo
            </span>
          </li>
          <li>
            <span>
              Tyler McGinnis
            </span>
          </li>
          <li>
            <span>
              Mike Tsamis
            </span>
          </li>
          <li>
            <span>
              Zenobia Oshikanlu
            </span>
          </li>
        </ul>
      </div>
      <form
        class="form-control w-full max-w-xs space-y-6 bg-white shadow-lg p-6 rounded-lg"
      >
        <div
          class="space-y-2"
        >
          <label
            data-testid="username-label"
            for="username"
          >
            Username
          </label>
          <input
            class="input input-bordered w-full max-w-xs border-blue-400 focus:border-blue-600"
            data-testid="username-input"
            id="username"
            name="username"
            type="text"
            value="tylermcginnis"
          />
        </div>
        <div
          class="space-y-2"
        >
          <label
            data-testid="password-label"
            for="password"
          >
            Password
          </label>
          <input
            class="input input-bordered w-full max-w-xs border-blue-400 focus:border-blue-600"
            data-testid="password-input"
            id="password"
            name="password"
            type="password"
            value="abc321"
          />
        </div>
        <button
          class="btn bg-blue-500 hover:bg-blue-600 text-white"
          data-testid="submit-login"
        >
          Login
        </button>
      </form>
    </div>
  </div>,
  "debug": [Function],
  "findAllByAltText": [Function],
  "findAllByDisplayValue": [Function],
  "findAllByLabelText": [Function],
  "findAllByPlaceholderText": [Function],
  "findAllByRole": [Function],
  "findAllByTestId": [Function],
  "findAllByText": [Function],
  "findAllByTitle": [Function],
  "findByAltText": [Function],
  "findByDisplayValue": [Function],
  "findByLabelText": [Function],
  "findByPlaceholderText": [Function],
  "findByRole": [Function],
  "findByTestId": [Function],
  "findByText": [Function],
  "findByTitle": [Function],
  "getAllByAltText": [Function],
  "getAllByDisplayValue": [Function],
  "getAllByLabelText": [Function],
  "getAllByPlaceholderText": [Function],
  "getAllByRole": [Function],
  "getAllByTestId": [Function],
  "getAllByText": [Function],
  "getAllByTitle": [Function],
  "getByAltText": [Function],
  "getByDisplayValue": [Function],
  "getByLabelText": [Function],
  "getByPlaceholderText": [Function],
  "getByRole": [Function],
  "getByTestId": [Function],
  "getByText": [Function],
  "getByTitle": [Function],
  "queryAllByAltText": [Function],
  "queryAllByDisplayValue": [Function],
  "queryAllByLabelText": [Function],
  "queryAllByPlaceholderText": [Function],
  "queryAllByRole": [Function],
  "queryAllByTestId": [Function],
  "queryAllByText": [Function],
  "queryAllByTitle": [Function],
  "queryByAltText": [Function],
  "queryByDisplayValue": [Function],
  "queryByLabelText": [Function],
  "queryByPlaceholderText": [Function],
  "queryByRole": [Function],
  "queryByTestId": [Function],
  "queryByText": [Function],
  "queryByTitle": [Function],
  "rerender": [Function],
  "unmount": [Function],
}
`;
